
### 串行GC
- 串行，-Xmx256m -Xms256m
```
java -Xmx256m -Xms256m -XX:+UseSerialGC -XX:+PrintGCDateStamps -XX:+PrintGCDetails -Xloggc:gc.demo.log GCLogAnalysis 
正在执行...
执行结束!共生成对象次数:2865

-- GC日志
Java HotSpot(TM) 64-Bit Server VM (25.221-b11) for bsd-amd64 JRE (1.8.0_221-b11), built on Jul  4 2019 04:36:22 by "java_re" with gcc 4.2.1 (Based on Apple Inc. build 5658) (LLVM build 2336.11.00)
Memory: 4k page, physical 8388608k(22664k free)

/proc/meminfo:

CommandLine flags: -XX:InitialHeapSize=268435456 -XX:MaxHeapSize=268435456 -XX:+PrintGC -XX:+PrintGCDateStamps -XX:+PrintGCDetails -XX:+PrintGCTimeStamps -XX:+UseCompressedClassPointers -XX:+UseCompressedOops -XX:+UseSerialGC 
2021-01-15T10:59:27.151-0800: 0.365: [GC (Allocation Failure) 2021-01-15T10:59:27.151-0800: 0.366: [DefNew: 69952K->8704K(78656K), 0.1073796 secs] 69952K->24607K(253440K), 0.1075179 secs] [Times: user=0.01 sys=0.01, real=0.10 secs] 
2021-01-15T10:59:27.284-0800: 0.499: [GC (Allocation Failure) 2021-01-15T10:59:27.284-0800: 0.499: [DefNew: 78372K->8702K(78656K), 0.0901341 secs] 94276K->46885K(253440K), 0.0902464 secs] [Times: user=0.02 sys=0.02, real=0.09 secs] 
2021-01-15T10:59:27.419-0800: 0.634: [GC (Allocation Failure) 2021-01-15T10:59:27.419-0800: 0.634: [DefNew: 78654K->8702K(78656K), 0.0311385 secs] 116837K->68327K(253440K), 0.0312286 secs] [Times: user=0.01 sys=0.01, real=0.04 secs] 
2021-01-15T10:59:27.472-0800: 0.687: [GC (Allocation Failure) 2021-01-15T10:59:27.472-0800: 0.687: [DefNew: 78451K->8703K(78656K), 0.0644518 secs] 138077K->94073K(253440K), 0.0645559 secs] [Times: user=0.01 sys=0.02, real=0.06 secs] 
2021-01-15T10:59:27.561-0800: 0.775: [GC (Allocation Failure) 2021-01-15T10:59:27.561-0800: 0.776: [DefNew: 78655K->8702K(78656K), 0.0592316 secs] 164025K->119148K(253440K), 0.0593593 secs] [Times: user=0.02 sys=0.01, real=0.06 secs] 
2021-01-15T10:59:27.641-0800: 0.855: [GC (Allocation Failure) 2021-01-15T10:59:27.641-0800: 0.856: [DefNew: 78654K->8703K(78656K), 0.0380795 secs] 189100K->140478K(253440K), 0.0382079 secs] [Times: user=0.02 sys=0.01, real=0.03 secs] 
2021-01-15T10:59:27.702-0800: 0.917: [GC (Allocation Failure) 2021-01-15T10:59:27.702-0800: 0.917: [DefNew: 78469K->8698K(78656K), 0.0625986 secs] 210244K->162516K(253440K), 0.0627919 secs] [Times: user=0.02 sys=0.02, real=0.06 secs] 
2021-01-15T10:59:27.788-0800: 1.003: [GC (Allocation Failure) 2021-01-15T10:59:27.788-0800: 1.003: [DefNew: 78650K->78650K(78656K), 0.0000404 secs]2021-01-15T10:59:27.788-0800: 1.003: [Tenured: 153817K->157471K(174784K), 0.0523986 secs] 232468K->157471K(253440K), [Metaspace: 2727K->2727K(1056768K)], 0.0525916 secs] [Times: user=0.04 sys=0.00, real=0.06 secs] 
2021-01-15T10:59:27.859-0800: 1.074: [GC (Allocation Failure) 2021-01-15T10:59:27.859-0800: 1.074: [DefNew: 69811K->69811K(78656K), 0.0000489 secs]2021-01-15T10:59:27.859-0800: 1.074: [Tenured: 157471K->172626K(174784K), 0.0466165 secs] 227283K->172626K(253440K), [Metaspace: 2728K->2728K(1056768K)], 0.0468274 secs] [Times: user=0.04 sys=0.01, real=0.05 secs] 
2021-01-15T10:59:27.923-0800: 1.138: [GC (Allocation Failure) 2021-01-15T10:59:27.923-0800: 1.138: [DefNew: 69828K->69828K(78656K), 0.0000256 secs]2021-01-15T10:59:27.923-0800: 1.138: [Tenured: 172626K->174748K(174784K), 0.0441443 secs] 242455K->187773K(253440K), [Metaspace: 2728K->2728K(1056768K)], 0.0442961 secs] [Times: user=0.03 sys=0.00, real=0.04 secs] 
2021-01-15T10:59:27.988-0800: 1.202: [Full GC (Allocation Failure) 2021-01-15T10:59:27.988-0800: 1.202: [Tenured: 174748K->174721K(174784K), 0.0367967 secs] 253087K->186532K(253440K), [Metaspace: 2728K->2728K(1056768K)], 0.0369090 secs] [Times: user=0.04 sys=0.00, real=0.04 secs] 
Heap
 def new generation   total 78656K, used 15336K [0x00000007b0000000, 0x00000007b5550000, 0x00000007b5550000)
  eden space 69952K,  21% used [0x00000007b0000000, 0x00000007b0efa088, 0x00000007b4450000)
  from space 8704K,   0% used [0x00000007b4cd0000, 0x00000007b4cd0000, 0x00000007b5550000)
  to   space 8704K,   0% used [0x00000007b4450000, 0x00000007b4450000, 0x00000007b4cd0000)
 tenured generation   total 174784K, used 174721K [0x00000007b5550000, 0x00000007c0000000, 0x00000007c0000000)
   the space 174784K,  99% used [0x00000007b5550000, 0x00000007bfff04d0, 0x00000007bfff0600, 0x00000007c0000000)
 Metaspace       used 2734K, capacity 4486K, committed 4864K, reserved 1056768K
  class space    used 298K, capacity 386K, committed 512K, reserved 1048576K
```
>10次young GC
>1次full GC，对老年代和元数据区进行了GC
>GC总共花费0.6秒，由于是串行GC，60%的时间耗在GC上，吞吐量很低
```
2021-01-15T10:59:27.788-0800: 1.003: [GC (Allocation Failure) 2021-01-15T10:59:27.788-0800: 1.003: [DefNew: 78650K->78650K(78656K), 0.0000404 secs]2021-01-15T10:59:27.788-0800: 1.003: [Tenured: 153817K->157471K(174784K), 0.0523986 secs] 232468K->157471K(253440K), [Metaspace: 2727K->2727K(1056768K)], 0.0525916 secs] [Times: user=0.04 sys=0.00, real=0.06 secs] 
2021-01-15T10:59:27.859-0800: 1.074: [GC (Allocation Failure) 2021-01-15T10:59:27.859-0800: 1.074: [DefNew: 69811K->69811K(78656K), 0.0000489 secs]2021-01-15T10:59:27.859-0800: 1.074: [Tenured: 157471K->172626K(174784K), 0.0466165 secs] 227283K->172626K(253440K), [Metaspace: 2728K->2728K(1056768K)], 0.0468274 secs] [Times: user=0.04 sys=0.01, real=0.05 secs] 
2021-01-15T10:59:27.923-0800: 1.138: [GC (Allocation Failure) 2021-01-15T10:59:27.923-0800: 1.138: [DefNew: 69828K->69828K(78656K), 0.0000256 secs]2021-01-15T10:59:27.923-0800: 1.138: [Tenured: 172626K->174748K(174784K), 0.0441443 secs] 242455K->187773K(253440K), [Metaspace: 2728K->2728K(1056768K)], 0.0442961 secs] [Times: user=0.03 sys=0.00, real=0.04 secs] 

```
>这三次young GC好奇怪，年轻代GC前后使用量没有变化，老年代一直增加，从153817K-->157471K-->174748K(达到老年代最大容量)
>说明这两个时间段内，年轻代创建的对象=销毁的对象+迁移到老年代的对象
> 注，这三次young GC初看以为是Full GC,只有标记full gc是真的full gc，做old收集
> 由于年轻代空间不够，对象创建速度太快，使用了**分配担保**机制，对象直接从年轻代提升到老年代
```
2021-01-15T10:59:27.988-0800: 1.202: [Full GC (Allocation Failure) 
2021-01-15T10:59:27.988-0800: 1.202: [Tenured: 174748K->174721K(174784K), 0.0367967 secs] 
253087K->186532K(253440K), [Metaspace: 2728K->2728K(1056768K)], 0.0369090 secs] 
[Times: user=0.04 sys=0.00, real=0.04 secs] 
```
解读：
>full GC，老年代没有被回收，使用量没有变化
>应用停止前，老年代使用率达到99%，年轻代使用率达到20%
>**应用内存过低**

- 串行，-Xmx512m -Xms512m
```
java -Xmx512m -Xms512m -XX:+UseSerialGC -XX:+PrintGCDateStamps -Xloggc:gc.demo.log -XX:+PrintGCDetails GCLogAnalysis 
正在执行...
执行结束!共生成对象次数:3559
-- GC日志
Java HotSpot(TM) 64-Bit Server VM (25.221-b11) for bsd-amd64 JRE (1.8.0_221-b11), built on Jul  4 2019 04:36:22 by "java_re" with gcc 4.2.1 (Based on Apple Inc. build 5658) (LLVM build 2336.11.00)
Memory: 4k page, physical 8388608k(26060k free)

/proc/meminfo:

CommandLine flags: -XX:InitialHeapSize=536870912 -XX:MaxHeapSize=536870912 -XX:+PrintGC -XX:+PrintGCDateStamps -XX:+PrintGCDetails -XX:+PrintGCTimeStamps -XX:+UseCompressedClassPointers -XX:+UseCompressedOops -XX:+UseSerialGC 
2021-01-15T10:53:17.601-0800: 0.399: [GC (Allocation Failure) 2021-01-15T10:53:17.602-0800: 0.399: [DefNew: 139776K->17471K(157248K), 0.0457322 secs] 139776K->48154K(506816K), 0.0458284 secs] [Times: user=0.03 sys=0.02, real=0.04 secs] 
2021-01-15T10:53:17.704-0800: 0.502: [GC (Allocation Failure) 2021-01-15T10:53:17.704-0800: 0.502: [DefNew: 157247K->17471K(157248K), 0.0897479 secs] 187930K->91862K(506816K), 0.0898652 secs] [Times: user=0.02 sys=0.02, real=0.09 secs] 
2021-01-15T10:53:17.833-0800: 0.630: [GC (Allocation Failure) 2021-01-15T10:53:17.833-0800: 0.630: [DefNew: 157247K->17471K(157248K), 0.0499188 secs] 231638K->133418K(506816K), 0.0500433 secs] [Times: user=0.02 sys=0.01, real=0.05 secs] 
2021-01-15T10:53:17.945-0800: 0.743: [GC (Allocation Failure) 2021-01-15T10:53:17.945-0800: 0.743: [DefNew: 157023K->17471K(157248K), 0.0691393 secs] 272970K->184835K(506816K), 0.0692426 secs] [Times: user=0.03 sys=0.02, real=0.07 secs] 
2021-01-15T10:53:18.058-0800: 0.855: [GC (Allocation Failure) 2021-01-15T10:53:18.058-0800: 0.856: [DefNew: 157247K->17471K(157248K), 0.1301016 secs] 324611K->231415K(506816K), 0.1302149 secs] [Times: user=0.02 sys=0.02, real=0.13 secs] 
2021-01-15T10:53:18.235-0800: 1.032: [GC (Allocation Failure) 2021-01-15T10:53:18.235-0800: 1.032: [DefNew: 157247K->17470K(157248K), 0.1082678 secs] 371191K->272567K(506816K), 0.1083902 secs] [Times: user=0.02 sys=0.02, real=0.11 secs] 
2021-01-15T10:53:18.386-0800: 1.183: [GC (Allocation Failure) 2021-01-15T10:53:18.386-0800: 1.183: [DefNew: 156956K->17471K(157248K), 0.0618340 secs] 412053K->310547K(506816K), 0.0619554 secs] [Times: user=0.02 sys=0.02, real=0.06 secs] 
Heap
 def new generation   total 157248K, used 23755K [0x00000007a0000000, 0x00000007aaaa0000, 0x00000007aaaa0000)
  eden space 139776K,   4% used [0x00000007a0000000, 0x00000007a0622e28, 0x00000007a8880000)
  from space 17472K,  99% used [0x00000007a9990000, 0x00000007aaa9fdf8, 0x00000007aaaa0000)
  to   space 17472K,   0% used [0x00000007a8880000, 0x00000007a8880000, 0x00000007a9990000)
 tenured generation   total 349568K, used 293076K [0x00000007aaaa0000, 0x00000007c0000000, 0x00000007c0000000)
   the space 349568K,  83% used [0x00000007aaaa0000, 0x00000007bc8d5190, 0x00000007bc8d5200, 0x00000007c0000000)
 Metaspace       used 2734K, capacity 4486K, committed 4864K, reserved 1056768K
  class space    used 298K, capacity 386K, committed 512K, reserved 1048576K
```
7次young GC,耗时0.6s左右
老年代未发生GC，程序停止前，使用量83%
结论：堆内存太小，GC时间太长，吞吐量差

- 串行  -Xmx1g -Xms1g
```
java -Xmx1g -Xms1g -XX:+PrintGCDateStamps -XX:+PrintGCDetails -Xloggc:gc.demo.log -XX:+UseSerialGC GCLogAnalysis 
正在执行...
执行结束!共生成对象次数:1086
-- GC日志
Java HotSpot(TM) 64-Bit Server VM (25.221-b11) for bsd-amd64 JRE (1.8.0_221-b11), built on Jul  4 2019 04:36:22 by "java_re" with gcc 4.2.1 (Based on Apple Inc. build 5658) (LLVM build 2336.11.00)
Memory: 4k page, physical 8388608k(36408k free)

/proc/meminfo:

CommandLine flags: -XX:InitialHeapSize=1073741824 -XX:MaxHeapSize=1073741824 -XX:+PrintGC -XX:+PrintGCDateStamps -XX:+PrintGCDetails -XX:+PrintGCTimeStamps -XX:+UseCompressedClassPointers -XX:+UseCompressedOops -XX:+UseSerialGC 
2021-01-15T11:05:02.269-0800: 0.966: [GC (Allocation Failure) 2021-01-15T11:05:02.269-0800: 0.966: [DefNew: 279616K->34944K(314560K), 0.1350289 secs] 279616K->84912K(1013632K), 0.1351472 secs] [Times: user=0.04 sys=0.04, real=0.14 secs] 
Heap
 def new generation   total 314560K, used 55994K [0x0000000780000000, 0x0000000795550000, 0x0000000795550000)
  eden space 279616K,   7% used [0x0000000780000000, 0x000000078148ea48, 0x0000000791110000)
  from space 34944K, 100% used [0x0000000793330000, 0x0000000795550000, 0x0000000795550000)
  to   space 34944K,   0% used [0x0000000791110000, 0x0000000791110000, 0x0000000793330000)
 tenured generation   total 699072K, used 49968K [0x0000000795550000, 0x00000007c0000000, 0x00000007c0000000)
   the space 699072K,   7% used [0x0000000795550000, 0x000000079861c370, 0x000000079861c400, 0x00000007c0000000)
 Metaspace       used 2734K, capacity 4486K, committed 4864K, reserved 1056768K
  class space    used 298K, capacity 386K, committed 512K, reserved 1048576K
```
解读：
>只发生了一次young GC,耗时0.14秒
>程序结束时，堆的内存使用率很低。
>为什么却只创建了1086个对象，吞吐量如此之低？


