
### 并行GC
- 并行 -Xmx256m -Xms256m
```
java -Xmx256m -Xms256m -XX:+UseParallelGC -XX:+PrintGCDetails -XX:+PrintGCDateStamps -Xloggc:gc.demo.log  GCLogAnalysis 
正在执行...
执行结束!共生成对象次数:2831

Java HotSpot(TM) 64-Bit Server VM (25.221-b11) for bsd-amd64 JRE (1.8.0_221-b11), built on Jul  4 2019 04:36:22 by "java_re" with gcc 4.2.1 (Based on Apple Inc. build 5658) (LLVM build 2336.11.00)
Memory: 4k page, physical 8388608k(19588k free)

/proc/meminfo:

CommandLine flags: -XX:InitialHeapSize=268435456 -XX:MaxHeapSize=268435456 -XX:+PrintGC -XX:+PrintGCDateStamps -XX:+PrintGCDetails -XX:+PrintGCTimeStamps -XX:+UseCompressedClassPointers -XX:+UseCompressedOops -XX:+UseParallelGC 
2021-01-15T17:44:36.802-0800: 0.412: [GC (Allocation Failure) [PSYoungGen: 65536K->10729K(76288K)] 65536K->23276K(251392K), 0.0269872 secs] [Times: user=0.02 sys=0.01, real=0.03 secs] 
2021-01-15T17:44:36.853-0800: 0.463: [GC (Allocation Failure) [PSYoungGen: 76265K->10749K(76288K)] 88812K->42193K(251392K), 0.0167609 secs] [Times: user=0.02 sys=0.02, real=0.02 secs] 
2021-01-15T17:44:36.886-0800: 0.496: [GC (Allocation Failure) [PSYoungGen: 76263K->10748K(76288K)] 107707K->63137K(251392K), 0.0237012 secs] [Times: user=0.02 sys=0.02, real=0.03 secs] 
2021-01-15T17:44:36.933-0800: 0.543: [GC (Allocation Failure) [PSYoungGen: 76274K->10750K(76288K)] 128663K->89286K(251392K), 0.0217399 secs] [Times: user=0.02 sys=0.02, real=0.02 secs] 
2021-01-15T17:44:36.973-0800: 0.583: [GC (Allocation Failure) [PSYoungGen: 76106K->10747K(76288K)] 154643K->113117K(251392K), 0.0204488 secs] [Times: user=0.02 sys=0.02, real=0.02 secs] 
2021-01-15T17:44:37.010-0800: 0.620: [GC (Allocation Failure) [PSYoungGen: 76283K->10748K(40448K)] 178653K->136041K(215552K), 0.0182998 secs] [Times: user=0.01 sys=0.01, real=0.01 secs] 
2021-01-15T17:44:37.036-0800: 0.645: [GC (Allocation Failure) [PSYoungGen: 40391K->18108K(58368K)] 165685K->146032K(233472K), 0.0053678 secs] [Times: user=0.01 sys=0.00, real=0.01 secs] 
2021-01-15T17:44:37.050-0800: 0.660: [GC (Allocation Failure) [PSYoungGen: 47481K->23655K(58368K)] 175405K->154744K(233472K), 0.0101473 secs] [Times: user=0.01 sys=0.01, real=0.01 secs] 
2021-01-15T17:44:37.068-0800: 0.677: [GC (Allocation Failure) [PSYoungGen: 53144K->28653K(58368K)] 184233K->167389K(233472K), 0.0087223 secs] [Times: user=0.02 sys=0.01, real=0.01 secs] 
2021-01-15T17:44:37.082-0800: 0.691: [GC (Allocation Failure) [PSYoungGen: 58236K->22516K(58368K)] 196971K->176745K(233472K), 0.0113427 secs] [Times: user=0.01 sys=0.01, real=0.01 secs] 
2021-01-15T17:44:37.093-0800: 0.703: [Full GC (Ergonomics) [PSYoungGen: 22516K->0K(58368K)] [ParOldGen: 154228K->150857K(175104K)] 176745K->150857K(233472K), [Metaspace: 2728K->2728K(1056768K)], 0.0318810 secs] [Times: user=0.07 sys=0.01, real=0.03 secs] 
2021-01-15T17:44:37.132-0800: 0.741: [Full GC (Ergonomics) [PSYoungGen: 29586K->0K(58368K)] [ParOldGen: 150857K->155990K(175104K)] 180443K->155990K(233472K), [Metaspace: 2728K->2728K(1056768K)], 0.0317632 secs] [Times: user=0.04 sys=0.00, real=0.03 secs] 
2021-01-15T17:44:37.171-0800: 0.781: [Full GC (Ergonomics) [PSYoungGen: 29690K->0K(58368K)] [ParOldGen: 155990K->162252K(175104K)] 185680K->162252K(233472K), [Metaspace: 2728K->2728K(1056768K)], 0.0317173 secs] [Times: user=0.05 sys=0.01, real=0.03 secs] 
2021-01-15T17:44:37.212-0800: 0.822: [Full GC (Ergonomics) [PSYoungGen: 29581K->0K(58368K)] [ParOldGen: 162252K->169441K(175104K)] 191834K->169441K(233472K), [Metaspace: 2728K->2728K(1056768K)], 0.0336097 secs] [Times: user=0.05 sys=0.00, real=0.03 secs] 
2021-01-15T17:44:37.256-0800: 0.865: [Full GC (Ergonomics) [PSYoungGen: 29696K->0K(58368K)] [ParOldGen: 169441K->173650K(175104K)] 199137K->173650K(233472K), [Metaspace: 2728K->2728K(1056768K)], 0.0294367 secs] [Times: user=0.05 sys=0.01, real=0.03 secs] 
2021-01-15T17:44:37.293-0800: 0.902: [Full GC (Ergonomics) [PSYoungGen: 29639K->5999K(58368K)] [ParOldGen: 173650K->174713K(175104K)] 203290K->180713K(233472K), [Metaspace: 2728K->2728K(1056768K)], 0.0423988 secs] [Times: user=0.06 sys=0.00, real=0.04 secs] 
2021-01-15T17:44:37.342-0800: 0.951: [Full GC (Ergonomics) [PSYoungGen: 29410K->10208K(58368K)] [ParOldGen: 174713K->174548K(175104K)] 204124K->184756K(233472K), [Metaspace: 2728K->2728K(1056768K)], 0.0314115 secs] [Times: user=0.05 sys=0.00, real=0.03 secs] 
2021-01-15T17:44:37.378-0800: 0.987: [Full GC (Ergonomics) [PSYoungGen: 29503K->13964K(58368K)] [ParOldGen: 174548K->174770K(175104K)] 204052K->188735K(233472K), [Metaspace: 2728K->2728K(1056768K)], 0.0321231 secs] [Times: user=0.05 sys=0.00, real=0.04 secs] 
2021-01-15T17:44:37.414-0800: 1.023: [Full GC (Ergonomics) [PSYoungGen: 29261K->17072K(58368K)] [ParOldGen: 174770K->174692K(175104K)] 204032K->191765K(233472K), [Metaspace: 2728K->2728K(1056768K)], 0.0324919 secs] [Times: user=0.06 sys=0.01, real=0.03 secs] 
2021-01-15T17:44:37.449-0800: 1.059: [Full GC (Ergonomics) [PSYoungGen: 29696K->20404K(58368K)] [ParOldGen: 174692K->174566K(175104K)] 204388K->194970K(233472K), [Metaspace: 2728K->2728K(1056768K)], 0.0315164 secs] [Times: user=0.06 sys=0.00, real=0.04 secs] 
2021-01-15T17:44:37.484-0800: 1.093: [Full GC (Ergonomics) [PSYoungGen: 29650K->21672K(58368K)] [ParOldGen: 174566K->174970K(175104K)] 204216K->196643K(233472K), [Metaspace: 2728K->2728K(1056768K)], 0.0382985 secs] [Times: user=0.04 sys=0.00, real=0.04 secs] 
2021-01-15T17:44:37.524-0800: 1.134: [Full GC (Ergonomics) [PSYoungGen: 29505K->24943K(58368K)] [ParOldGen: 174970K->174325K(175104K)] 204476K->199269K(233472K), [Metaspace: 2728K->2728K(1056768K)], 0.0294212 secs] [Times: user=0.05 sys=0.00, real=0.03 secs] 
2021-01-15T17:44:37.555-0800: 1.165: [Full GC (Ergonomics) [PSYoungGen: 29673K->26030K(58368K)] [ParOldGen: 174325K->174738K(175104K)] 203999K->200769K(233472K), [Metaspace: 2728K->2728K(1056768K)], 0.0276813 secs] [Times: user=0.06 sys=0.00, real=0.03 secs] 
2021-01-15T17:44:37.584-0800: 1.193: [Full GC (Ergonomics) [PSYoungGen: 29688K->27417K(58368K)] [ParOldGen: 174738K->174459K(175104K)] 204427K->201876K(233472K), [Metaspace: 2728K->2728K(1056768K)], 0.0372596 secs] [Times: user=0.03 sys=0.00, real=0.04 secs] 
Heap
 PSYoungGen      total 58368K, used 28656K [0x00000007bab00000, 0x00000007c0000000, 0x00000007c0000000)
  eden space 29696K, 96% used [0x00000007bab00000,0x00000007bc6fc3e0,0x00000007bc800000)
  from space 28672K, 0% used [0x00000007be400000,0x00000007be400000,0x00000007c0000000)
  to   space 28672K, 0% used [0x00000007bc800000,0x00000007bc800000,0x00000007be400000)
 ParOldGen       total 175104K, used 174459K [0x00000007b0000000, 0x00000007bab00000, 0x00000007bab00000)
  object space 175104K, 99% used [0x00000007b0000000,0x00000007baa5ee98,0x00000007bab00000)
 Metaspace       used 2734K, capacity 4486K, committed 4864K, reserved 1056768K
  class space    used 298K, capacity 386K, committed 512K, reserved 1048576K
```
解读如下：
>总的GC暂停时间0.6s左右，触发了10次young GC和14次Full GC,有几次Full GC后，老年代的使用量不减反增，可见对象创建速度和迁移到老年代对象速度都很快。
> 最后老年代使用量99%
> 结论：堆内存太小，GC时间长，吞吐量差

- 并行 -Xmx512m -Xms512m
```
java -Xmx512m -Xms512m -XX:+UseParallelGC -XX:+PrintGCDateStamps -XX:+PrintGCDetails -Xloggc:gc.demo.log GCLogAnalysis 
正在执行...
执行结束!共生成对象次数:4412

Java HotSpot(TM) 64-Bit Server VM (25.221-b11) for bsd-amd64 JRE (1.8.0_221-b11), built on Jul  4 2019 04:36:22 by "java_re" with gcc 4.2.1 (Based on Apple Inc. build 5658) (LLVM build 2336.11.00)
Memory: 4k page, physical 8388608k(21024k free)

/proc/meminfo:

CommandLine flags: -XX:InitialHeapSize=536870912 -XX:MaxHeapSize=536870912 -XX:+PrintGC -XX:+PrintGCDateStamps -XX:+PrintGCDetails -XX:+PrintGCTimeStamps -XX:+UseCompressedClassPointers -XX:+UseCompressedOops -XX:+UseParallelGC 
2021-01-15T17:54:25.751-0800: 0.471: [GC (Allocation Failure) [PSYoungGen: 131574K->21499K(153088K)] 131574K->40695K(502784K), 0.0828254 secs] [Times: user=0.03 sys=0.03, real=0.08 secs] 
2021-01-15T17:54:25.876-0800: 0.596: [GC (Allocation Failure) [PSYoungGen: 153083K->21500K(153088K)] 172279K->80982K(502784K), 0.0460087 secs] [Times: user=0.03 sys=0.04, real=0.05 secs] 
2021-01-15T17:54:25.953-0800: 0.673: [GC (Allocation Failure) [PSYoungGen: 153084K->21490K(153088K)] 212566K->125085K(502784K), 0.0342028 secs] [Times: user=0.03 sys=0.03, real=0.03 secs] 
2021-01-15T17:54:26.016-0800: 0.735: [GC (Allocation Failure) [PSYoungGen: 153074K->21503K(153088K)] 256669K->165276K(502784K), 0.0447541 secs] [Times: user=0.03 sys=0.02, real=0.05 secs] 
2021-01-15T17:54:26.089-0800: 0.809: [GC (Allocation Failure) [PSYoungGen: 153087K->21495K(153088K)] 296860K->207361K(502784K), 0.0373312 secs] [Times: user=0.03 sys=0.03, real=0.04 secs] 
2021-01-15T17:54:26.156-0800: 0.875: [GC (Allocation Failure) [PSYoungGen: 153079K->21502K(80384K)] 338945K->245955K(430080K), 0.0356815 secs] [Times: user=0.03 sys=0.03, real=0.04 secs] 
2021-01-15T17:54:26.209-0800: 0.928: [GC (Allocation Failure) [PSYoungGen: 80206K->38833K(116736K)] 304660K->266952K(466432K), 0.0091545 secs] [Times: user=0.02 sys=0.01, real=0.01 secs] 
2021-01-15T17:54:26.231-0800: 0.951: [GC (Allocation Failure) [PSYoungGen: 97331K->50031K(116736K)] 325450K->284231K(466432K), 0.0115217 secs] [Times: user=0.03 sys=0.00, real=0.01 secs] 
2021-01-15T17:54:26.256-0800: 0.975: [GC (Allocation Failure) [PSYoungGen: 108403K->57525K(116736K)] 342603K->300973K(466432K), 0.0136783 secs] [Times: user=0.03 sys=0.01, real=0.01 secs] 
2021-01-15T17:54:26.284-0800: 1.004: [GC (Allocation Failure) [PSYoungGen: 116405K->39344K(116736K)] 359853K->317088K(466432K), 0.0369367 secs] [Times: user=0.02 sys=0.03, real=0.04 secs] 
2021-01-15T17:54:26.337-0800: 1.057: [GC (Allocation Failure) [PSYoungGen: 98224K->24254K(116736K)] 375968K->338468K(466432K), 0.0803081 secs] [Times: user=0.02 sys=0.03, real=0.08 secs] 
2021-01-15T17:54:26.418-0800: 1.137: [Full GC (Ergonomics) [PSYoungGen: 24254K->0K(116736K)] [ParOldGen: 314213K->245152K(349696K)] 338468K->245152K(466432K), [Metaspace: 2728K->2728K(1056768K)], 0.0778012 secs] [Times: user=0.12 sys=0.03, real=0.08 secs] 
2021-01-15T17:54:26.514-0800: 1.234: [GC (Allocation Failure) [PSYoungGen: 58877K->21364K(116736K)] 304030K->266517K(466432K), 0.0051462 secs] [Times: user=0.02 sys=0.00, real=0.01 secs] 
Heap
 PSYoungGen      total 116736K, used 45647K [0x00000007b5580000, 0x00000007c0000000, 0x00000007c0000000)
  eden space 58880K, 41% used [0x00000007b5580000,0x00000007b6d36c70,0x00000007b8f00000)
  from space 57856K, 36% used [0x00000007bc780000,0x00000007bdc5d388,0x00000007c0000000)
  to   space 57856K, 0% used [0x00000007b8f00000,0x00000007b8f00000,0x00000007bc780000)
 ParOldGen       total 349696K, used 245152K [0x00000007a0000000, 0x00000007b5580000, 0x00000007b5580000)
  object space 349696K, 70% used [0x00000007a0000000,0x00000007aef68380,0x00000007b5580000)
 Metaspace       used 2734K, capacity 4486K, committed 4864K, reserved 1056768K
  class space    used 298K, capacity 386K, committed 512K, reserved 1048576K

```
解读如下：
>12次young GC,1次Full GC,GC暂停时间约0.5s
>老年代最后的使用率为70%
>结论：堆内存太小，GC时间长，吞吐量差

- 并行 -Xmx1g -Xms1g
```
java -Xmx1g -Xms1g -XX:+UseParallelGC -XX:+PrintGCDetails -XX:+PrintGCDateStamps -Xloggc:gc.demo.log GCLogAnalysis 
正在执行...
执行结束!共生成对象次数:1933

Java HotSpot(TM) 64-Bit Server VM (25.221-b11) for bsd-amd64 JRE (1.8.0_221-b11), built on Jul  4 2019 04:36:22 by "java_re" with gcc 4.2.1 (Based on Apple Inc. build 5658) (LLVM build 2336.11.00)
Memory: 4k page, physical 8388608k(22212k free)

/proc/meminfo:

CommandLine flags: -XX:InitialHeapSize=1073741824 -XX:MaxHeapSize=1073741824 -XX:+PrintGC -XX:+PrintGCDateStamps -XX:+PrintGCDetails -XX:+PrintGCTimeStamps -XX:+UseCompressedClassPointers -XX:+UseCompressedOops -XX:+UseParallelGC 
2021-01-15T17:58:00.362-0800: 0.796: [GC (Allocation Failure) [PSYoungGen: 262144K->43509K(305664K)] 262144K->77571K(1005056K), 0.1376469 secs] [Times: user=0.05 sys=0.08, real=0.14 secs] 
2021-01-15T17:58:00.712-0800: 1.146: [GC (Allocation Failure) [PSYoungGen: 305653K->43515K(305664K)] 339715K->158263K(1005056K), 0.0960116 secs] [Times: user=0.05 sys=0.10, real=0.09 secs] 
Heap
 PSYoungGen      total 305664K, used 54146K [0x00000007aab00000, 0x00000007c0000000, 0x00000007c0000000)
  eden space 262144K, 4% used [0x00000007aab00000,0x00000007ab561888,0x00000007bab00000)
  from space 43520K, 99% used [0x00000007bd580000,0x00000007bfffefb8,0x00000007c0000000)
  to   space 43520K, 0% used [0x00000007bab00000,0x00000007bab00000,0x00000007bd580000)
 ParOldGen       total 699392K, used 114747K [0x0000000780000000, 0x00000007aab00000, 0x00000007aab00000)
  object space 699392K, 16% used [0x0000000780000000,0x000000078700efb0,0x00000007aab00000)
 Metaspace       used 2734K, capacity 4486K, committed 4864K, reserved 1056768K
  class space    used 298K, capacity 386K, committed 512K, reserved 1048576K
```
解读如下：
>GC时间0.2s左右
>GC后老年代的使用量为16%

问题：并行GC，堆内存分别开启256m、512m、1g，GC时间依次为0.6s、0.5s、0.2s，说明GC暂停时间随堆内存的变大而缩短。
那为什么吞吐量（对象创建量）会依次是2831、4412、1933？
秦老师回答：1s太短，压测10s，甚至100s试试。

